[2024-06-17T20:44:23.426+0800][gc,heap] Heap region size: 1M
[2024-06-17T20:44:23.456+0800][gc     ] Using G1
[2024-06-17T20:44:23.456+0800][gc,heap,coops] Heap address: 0x00000000c0000000, size: 1024 MB, Compressed Oops mode: 32-bit
[2024-06-17T20:44:23.457+0800][gc,cds       ] Mark closed archive regions in map: [0x00000000fff00000, 0x00000000fff6bff8]
[2024-06-17T20:44:23.457+0800][gc,cds       ] Mark open archive regions in map: [0x00000000ffe00000, 0x00000000ffe47ff8]
[2024-06-17T20:44:25.546+0800][gc,start     ] GC(0) Pause Young (Normal) (G1 Evacuation Pause)
[2024-06-17T20:44:25.547+0800][gc,task      ] GC(0) Using 8 workers of 8 for evacuation
[2024-06-17T20:44:25.576+0800][gc,mmu       ] GC(0) MMU target violated: 21.0ms (20.0ms/21.0ms)
[2024-06-17T20:44:25.576+0800][gc,phases    ] GC(0)   Pre Evacuate Collection Set: 0.0ms
[2024-06-17T20:44:25.576+0800][gc,phases    ] GC(0)   Evacuate Collection Set: 26.8ms
[2024-06-17T20:44:25.577+0800][gc,phases    ] GC(0)   Post Evacuate Collection Set: 0.8ms
[2024-06-17T20:44:25.577+0800][gc,phases    ] GC(0)   Other: 2.6ms
[2024-06-17T20:44:25.577+0800][gc,heap      ] GC(0) Eden regions: 51->0(44)
[2024-06-17T20:44:25.578+0800][gc,heap      ] GC(0) Survivor regions: 0->7(7)
[2024-06-17T20:44:25.578+0800][gc,heap      ] GC(0) Old regions: 2->3
[2024-06-17T20:44:25.578+0800][gc,heap      ] GC(0) Humongous regions: 0->0
[2024-06-17T20:44:25.578+0800][gc,metaspace ] GC(0) Metaspace: 13765K(14464K)->13765K(14464K) NonClass: 12089K(12544K)->12089K(12544K) Class: 1675K(1920K)->1675K(1920K)
[2024-06-17T20:44:25.578+0800][gc           ] GC(0) Pause Young (Normal) (G1 Evacuation Pause) 51M->8M(1024M) 32.684ms
[2024-06-17T20:44:25.579+0800][gc,cpu       ] GC(0) User=0.12s Sys=0.08s Real=0.03s
[2024-06-17T20:44:27.193+0800][gc,start     ] GC(1) Pause Young (Concurrent Start) (Metadata GC Threshold)
[2024-06-17T20:44:27.193+0800][gc,task      ] GC(1) Using 8 workers of 8 for evacuation
[2024-06-17T20:44:27.215+0800][gc,mmu       ] GC(1) MMU target violated: 20.9ms (20.0ms/21.0ms)
[2024-06-17T20:44:27.215+0800][gc,phases    ] GC(1)   Pre Evacuate Collection Set: 0.1ms
[2024-06-17T20:44:27.215+0800][gc,phases    ] GC(1)   Evacuate Collection Set: 17.9ms
[2024-06-17T20:44:27.215+0800][gc,phases    ] GC(1)   Post Evacuate Collection Set: 0.9ms
[2024-06-17T20:44:27.216+0800][gc,phases    ] GC(1)   Other: 3.2ms
[2024-06-17T20:44:27.216+0800][gc,heap      ] GC(1) Eden regions: 32->0(49)
[2024-06-17T20:44:27.216+0800][gc,heap      ] GC(1) Survivor regions: 7->2(7)
[2024-06-17T20:44:27.216+0800][gc,heap      ] GC(1) Old regions: 3->10
[2024-06-17T20:44:27.217+0800][gc,heap      ] GC(1) Humongous regions: 0->0
[2024-06-17T20:44:27.217+0800][gc,metaspace ] GC(1) Metaspace: 20473K(21296K)->20473K(21296K) NonClass: 18012K(18608K)->18012K(18608K) Class: 2460K(2688K)->2460K(2688K)
[2024-06-17T20:44:27.218+0800][gc           ] GC(1) Pause Young (Concurrent Start) (Metadata GC Threshold) 39M->9M(1024M) 24.820ms
[2024-06-17T20:44:27.218+0800][gc,cpu       ] GC(1) User=0.11s Sys=0.02s Real=0.02s
[2024-06-17T20:44:27.219+0800][gc           ] GC(2) Concurrent Cycle
[2024-06-17T20:44:27.219+0800][gc,marking   ] GC(2) Concurrent Clear Claimed Marks
[2024-06-17T20:44:27.219+0800][gc,marking   ] GC(2) Concurrent Clear Claimed Marks 0.340ms
[2024-06-17T20:44:27.219+0800][gc,marking   ] GC(2) Concurrent Scan Root Regions
[2024-06-17T20:44:27.222+0800][gc,marking   ] GC(2) Concurrent Scan Root Regions 2.371ms
[2024-06-17T20:44:27.222+0800][gc,marking   ] GC(2) Concurrent Mark (3.817s)
[2024-06-17T20:44:27.222+0800][gc,marking   ] GC(2) Concurrent Mark From Roots
[2024-06-17T20:44:27.223+0800][gc,task      ] GC(2) Using 2 workers of 2 for marking
[2024-06-17T20:44:27.229+0800][gc,marking   ] GC(2) Concurrent Mark From Roots 6.412ms
[2024-06-17T20:44:27.229+0800][gc,marking   ] GC(2) Concurrent Preclean
[2024-06-17T20:44:27.230+0800][gc,marking   ] GC(2) Concurrent Preclean 0.431ms
[2024-06-17T20:44:27.230+0800][gc,marking   ] GC(2) Concurrent Mark (3.817s, 3.825s) 7.624ms
[2024-06-17T20:44:27.231+0800][gc,start     ] GC(2) Pause Remark
[2024-06-17T20:44:27.237+0800][gc,stringtable] GC(2) Cleaned string and symbol table, strings: 5626 processed, 0 removed, symbols: 53548 processed, 39 removed
[2024-06-17T20:44:27.238+0800][gc            ] GC(2) Pause Remark 9M->9M(1024M) 7.143ms
[2024-06-17T20:44:27.238+0800][gc,cpu        ] GC(2) User=0.03s Sys=0.01s Real=0.00s
[2024-06-17T20:44:27.238+0800][gc,marking    ] GC(2) Concurrent Rebuild Remembered Sets
[2024-06-17T20:44:27.241+0800][gc,marking    ] GC(2) Concurrent Rebuild Remembered Sets 3.148ms
[2024-06-17T20:44:27.242+0800][gc,start      ] GC(2) Pause Cleanup
[2024-06-17T20:44:27.243+0800][gc            ] GC(2) Pause Cleanup 9M->9M(1024M) 0.669ms
[2024-06-17T20:44:27.243+0800][gc,cpu        ] GC(2) User=0.00s Sys=0.00s Real=0.00s
[2024-06-17T20:44:27.244+0800][gc,marking    ] GC(2) Concurrent Cleanup for Next Mark
[2024-06-17T20:44:27.249+0800][gc,marking    ] GC(2) Concurrent Cleanup for Next Mark 5.659ms
[2024-06-17T20:44:27.250+0800][gc            ] GC(2) Concurrent Cycle 31.086ms
[2024-06-17T20:44:29.986+0800][gc,start      ] GC(3) Pause Young (Normal) (G1 Evacuation Pause)
[2024-06-17T20:44:29.987+0800][gc,task       ] GC(3) Using 8 workers of 8 for evacuation
[2024-06-17T20:44:29.995+0800][gc,phases     ] GC(3)   Pre Evacuate Collection Set: 0.0ms
[2024-06-17T20:44:29.995+0800][gc,phases     ] GC(3)   Evacuate Collection Set: 6.7ms
[2024-06-17T20:44:29.995+0800][gc,phases     ] GC(3)   Post Evacuate Collection Set: 0.8ms
[2024-06-17T20:44:29.996+0800][gc,phases     ] GC(3)   Other: 0.9ms
[2024-06-17T20:44:29.996+0800][gc,heap       ] GC(3) Eden regions: 49->0(47)
[2024-06-17T20:44:29.996+0800][gc,heap       ] GC(3) Survivor regions: 2->4(7)
[2024-06-17T20:44:29.997+0800][gc,heap       ] GC(3) Old regions: 10->10
[2024-06-17T20:44:29.997+0800][gc,heap       ] GC(3) Humongous regions: 129->129
[2024-06-17T20:44:29.997+0800][gc,metaspace  ] GC(3) Metaspace: 27980K(29104K)->27980K(29104K) NonClass: 24696K(25264K)->24696K(25264K) Class: 3283K(3840K)->3283K(3840K)
[2024-06-17T20:44:29.998+0800][gc            ] GC(3) Pause Young (Normal) (G1 Evacuation Pause) 187M->140M(1024M) 11.220ms
[2024-06-17T20:44:29.998+0800][gc,cpu        ] GC(3) User=0.05s Sys=0.00s Real=0.01s
[2024-06-17T20:44:31.548+0800][gc,start      ] GC(4) Pause Young (Concurrent Start) (Metadata GC Threshold)
[2024-06-17T20:44:31.550+0800][gc,task       ] GC(4) Using 8 workers of 8 for evacuation
[2024-06-17T20:44:31.571+0800][gc,mmu        ] GC(4) MMU target violated: 21.0ms (20.0ms/21.0ms)
[2024-06-17T20:44:31.571+0800][gc,phases     ] GC(4)   Pre Evacuate Collection Set: 0.2ms
[2024-06-17T20:44:31.572+0800][gc,phases     ] GC(4)   Evacuate Collection Set: 19.1ms
[2024-06-17T20:44:31.572+0800][gc,phases     ] GC(4)   Post Evacuate Collection Set: 0.7ms
[2024-06-17T20:44:31.572+0800][gc,phases     ] GC(4)   Other: 3.2ms
[2024-06-17T20:44:31.572+0800][gc,heap       ] GC(4) Eden regions: 45->0(44)
[2024-06-17T20:44:31.572+0800][gc,heap       ] GC(4) Survivor regions: 4->7(7)
[2024-06-17T20:44:31.573+0800][gc,heap       ] GC(4) Old regions: 10->10
[2024-06-17T20:44:31.573+0800][gc,heap       ] GC(4) Humongous regions: 129->129
[2024-06-17T20:44:31.573+0800][gc,metaspace  ] GC(4) Metaspace: 34499K(35708K)->34499K(35708K) NonClass: 30541K(31152K)->30541K(31152K) Class: 3958K(4556K)->3958K(4556K)
[2024-06-17T20:44:31.573+0800][gc            ] GC(4) Pause Young (Concurrent Start) (Metadata GC Threshold) 184M->144M(1024M) 25.124ms
[2024-06-17T20:44:31.574+0800][gc,cpu        ] GC(4) User=0.10s Sys=0.00s Real=0.03s
[2024-06-17T20:44:31.574+0800][gc            ] GC(5) Concurrent Cycle
[2024-06-17T20:44:31.574+0800][gc,marking    ] GC(5) Concurrent Clear Claimed Marks
[2024-06-17T20:44:31.575+0800][gc,marking    ] GC(5) Concurrent Clear Claimed Marks 0.773ms
[2024-06-17T20:44:31.575+0800][gc,marking    ] GC(5) Concurrent Scan Root Regions
[2024-06-17T20:44:31.579+0800][gc,marking    ] GC(5) Concurrent Scan Root Regions 4.144ms
[2024-06-17T20:44:31.580+0800][gc,marking    ] GC(5) Concurrent Mark (8.175s)
[2024-06-17T20:44:31.580+0800][gc,marking    ] GC(5) Concurrent Mark From Roots
[2024-06-17T20:44:31.581+0800][gc,task       ] GC(5) Using 2 workers of 2 for marking
[2024-06-17T20:44:31.589+0800][gc,marking    ] GC(5) Concurrent Mark From Roots 9.094ms
[2024-06-17T20:44:31.590+0800][gc,marking    ] GC(5) Concurrent Preclean
[2024-06-17T20:44:31.590+0800][gc,marking    ] GC(5) Concurrent Preclean 0.351ms
[2024-06-17T20:44:31.590+0800][gc,marking    ] GC(5) Concurrent Mark (8.175s, 8.185s) 10.432ms
[2024-06-17T20:44:31.591+0800][gc,start      ] GC(5) Pause Remark
[2024-06-17T20:44:31.595+0800][gc,stringtable] GC(5) Cleaned string and symbol table, strings: 9932 processed, 9 removed, symbols: 84229 processed, 18 removed
[2024-06-17T20:44:31.596+0800][gc            ] GC(5) Pause Remark 144M->144M(1024M) 5.100ms
[2024-06-17T20:44:31.596+0800][gc,cpu        ] GC(5) User=0.02s Sys=0.00s Real=0.00s
[2024-06-17T20:44:31.597+0800][gc,marking    ] GC(5) Concurrent Rebuild Remembered Sets
[2024-06-17T20:44:31.600+0800][gc,marking    ] GC(5) Concurrent Rebuild Remembered Sets 3.679ms
[2024-06-17T20:44:31.602+0800][gc,start      ] GC(5) Pause Cleanup
[2024-06-17T20:44:31.602+0800][gc            ] GC(5) Pause Cleanup 145M->145M(1024M) 0.660ms
[2024-06-17T20:44:31.602+0800][gc,cpu        ] GC(5) User=0.00s Sys=0.00s Real=0.00s
[2024-06-17T20:44:31.603+0800][gc,marking    ] GC(5) Concurrent Cleanup for Next Mark
[2024-06-17T20:44:31.649+0800][gc,marking    ] GC(5) Concurrent Cleanup for Next Mark 46.102ms
[2024-06-17T20:44:31.649+0800][gc            ] GC(5) Concurrent Cycle 75.422ms
[2024-06-17T20:47:44.386+0800][gc,start      ] GC(6) Pause Young (Normal) (G1 Evacuation Pause)
[2024-06-17T20:47:44.388+0800][gc,task       ] GC(6) Using 8 workers of 8 for evacuation
[2024-06-17T20:47:44.421+0800][gc,mmu        ] GC(6) MMU target violated: 21.0ms (20.0ms/21.0ms)
[2024-06-17T20:47:44.421+0800][gc,phases     ] GC(6)   Pre Evacuate Collection Set: 9.7ms
[2024-06-17T20:47:44.421+0800][gc,phases     ] GC(6)   Evacuate Collection Set: 19.8ms
[2024-06-17T20:47:44.422+0800][gc,phases     ] GC(6)   Post Evacuate Collection Set: 1.3ms
[2024-06-17T20:47:44.422+0800][gc,phases     ] GC(6)   Other: 5.0ms
[2024-06-17T20:47:44.422+0800][gc,heap       ] GC(6) Eden regions: 44->0(48)
[2024-06-17T20:47:44.423+0800][gc,heap       ] GC(6) Survivor regions: 7->3(7)
[2024-06-17T20:47:44.423+0800][gc,heap       ] GC(6) Old regions: 10->16
[2024-06-17T20:47:44.423+0800][gc,heap       ] GC(6) Humongous regions: 135->129
[2024-06-17T20:47:44.423+0800][gc,metaspace  ] GC(6) Metaspace: 41146K(43464K)->41146K(43464K) NonClass: 36058K(37296K)->36058K(37296K) Class: 5087K(6168K)->5087K(6168K)
[2024-06-17T20:47:44.424+0800][gc            ] GC(6) Pause Young (Normal) (G1 Evacuation Pause) 194M->145M(1024M) 38.090ms
[2024-06-17T20:47:44.424+0800][gc,cpu        ] GC(6) User=0.16s Sys=0.00s Real=0.04s
[2024-06-17T21:02:29.187+0800][gc,heap,exit  ] Heap
[2024-06-17T21:02:29.187+0800][gc,heap,exit  ]  garbage-first heap   total 1048576K, used 184255K [0x00000000c0000000, 0x0000000100000000)
[2024-06-17T21:02:29.188+0800][gc,heap,exit  ]   region size 1024K, 39 young (39936K), 3 survivors (3072K)
[2024-06-17T21:02:29.188+0800][gc,heap,exit  ]  Metaspace       used 42728K, capacity 45033K, committed 45128K, reserved 1087488K
[2024-06-17T21:02:29.188+0800][gc,heap,exit  ]   class space    used 5403K, capacity 6532K, committed 6552K, reserved 1048576K
