[2024-06-17T22:00:17.614+0800][gc,heap] Heap region size: 1M
[2024-06-17T22:00:17.621+0800][gc     ] Using G1
[2024-06-17T22:00:17.622+0800][gc,heap,coops] Heap address: 0x00000000c0000000, size: 1024 MB, Compressed Oops mode: 32-bit
[2024-06-17T22:00:17.622+0800][gc,cds       ] Mark closed archive regions in map: [0x00000000fff00000, 0x00000000fff6bff8]
[2024-06-17T22:00:17.622+0800][gc,cds       ] Mark open archive regions in map: [0x00000000ffe00000, 0x00000000ffe47ff8]
[2024-06-17T22:00:19.665+0800][gc,start     ] GC(0) Pause Young (Normal) (G1 Evacuation Pause)
[2024-06-17T22:00:19.668+0800][gc,task      ] GC(0) Using 8 workers of 8 for evacuation
[2024-06-17T22:00:19.686+0800][gc,phases    ] GC(0)   Pre Evacuate Collection Set: 0.1ms
[2024-06-17T22:00:19.687+0800][gc,phases    ] GC(0)   Evacuate Collection Set: 17.0ms
[2024-06-17T22:00:19.687+0800][gc,phases    ] GC(0)   Post Evacuate Collection Set: 1.0ms
[2024-06-17T22:00:19.688+0800][gc,phases    ] GC(0)   Other: 3.3ms
[2024-06-17T22:00:19.688+0800][gc,heap      ] GC(0) Eden regions: 51->0(44)
[2024-06-17T22:00:19.688+0800][gc,heap      ] GC(0) Survivor regions: 0->7(7)
[2024-06-17T22:00:19.688+0800][gc,heap      ] GC(0) Old regions: 2->3
[2024-06-17T22:00:19.689+0800][gc,heap      ] GC(0) Humongous regions: 0->0
[2024-06-17T22:00:19.689+0800][gc,metaspace ] GC(0) Metaspace: 13802K(14464K)->13802K(14464K) NonClass: 12125K(12544K)->12125K(12544K) Class: 1676K(1920K)->1676K(1920K)
[2024-06-17T22:00:19.689+0800][gc           ] GC(0) Pause Young (Normal) (G1 Evacuation Pause) 51M->7M(1024M) 23.956ms
[2024-06-17T22:00:19.689+0800][gc,cpu       ] GC(0) User=0.08s Sys=0.04s Real=0.02s
[2024-06-17T22:00:20.862+0800][gc,start     ] GC(1) Pause Young (Concurrent Start) (Metadata GC Threshold)
[2024-06-17T22:00:20.862+0800][gc,task      ] GC(1) Using 8 workers of 8 for evacuation
[2024-06-17T22:00:20.875+0800][gc,phases    ] GC(1)   Pre Evacuate Collection Set: 0.1ms
[2024-06-17T22:00:20.875+0800][gc,phases    ] GC(1)   Evacuate Collection Set: 11.1ms
[2024-06-17T22:00:20.875+0800][gc,phases    ] GC(1)   Post Evacuate Collection Set: 0.7ms
[2024-06-17T22:00:20.876+0800][gc,phases    ] GC(1)   Other: 0.6ms
[2024-06-17T22:00:20.876+0800][gc,heap      ] GC(1) Eden regions: 32->0(49)
[2024-06-17T22:00:20.876+0800][gc,heap      ] GC(1) Survivor regions: 7->2(7)
[2024-06-17T22:00:20.877+0800][gc,heap      ] GC(1) Old regions: 3->10
[2024-06-17T22:00:20.877+0800][gc,heap      ] GC(1) Humongous regions: 0->0
[2024-06-17T22:00:20.877+0800][gc,metaspace ] GC(1) Metaspace: 20505K(21296K)->20505K(21296K) NonClass: 18043K(18608K)->18043K(18608K) Class: 2461K(2688K)->2461K(2688K)
[2024-06-17T22:00:20.877+0800][gc           ] GC(1) Pause Young (Concurrent Start) (Metadata GC Threshold) 39M->9M(1024M) 15.217ms
[2024-06-17T22:00:20.878+0800][gc,cpu       ] GC(1) User=0.05s Sys=0.01s Real=0.01s
[2024-06-17T22:00:20.878+0800][gc           ] GC(2) Concurrent Cycle
[2024-06-17T22:00:20.878+0800][gc,marking   ] GC(2) Concurrent Clear Claimed Marks
[2024-06-17T22:00:20.879+0800][gc,marking   ] GC(2) Concurrent Clear Claimed Marks 0.375ms
[2024-06-17T22:00:20.879+0800][gc,marking   ] GC(2) Concurrent Scan Root Regions
[2024-06-17T22:00:20.881+0800][gc,marking   ] GC(2) Concurrent Scan Root Regions 2.151ms
[2024-06-17T22:00:20.882+0800][gc,marking   ] GC(2) Concurrent Mark (3.284s)
[2024-06-17T22:00:20.882+0800][gc,marking   ] GC(2) Concurrent Mark From Roots
[2024-06-17T22:00:20.882+0800][gc,task      ] GC(2) Using 2 workers of 2 for marking
[2024-06-17T22:00:20.888+0800][gc,marking   ] GC(2) Concurrent Mark From Roots 5.643ms
[2024-06-17T22:00:20.888+0800][gc,marking   ] GC(2) Concurrent Preclean
[2024-06-17T22:00:20.889+0800][gc,marking   ] GC(2) Concurrent Preclean 0.512ms
[2024-06-17T22:00:20.889+0800][gc,marking   ] GC(2) Concurrent Mark (3.284s, 3.291s) 7.134ms
[2024-06-17T22:00:20.890+0800][gc,start     ] GC(2) Pause Remark
[2024-06-17T22:00:20.895+0800][gc,stringtable] GC(2) Cleaned string and symbol table, strings: 5628 processed, 0 removed, symbols: 53550 processed, 39 removed
[2024-06-17T22:00:20.897+0800][gc            ] GC(2) Pause Remark 9M->9M(1024M) 7.018ms
[2024-06-17T22:00:20.897+0800][gc,cpu        ] GC(2) User=0.01s Sys=0.02s Real=0.01s
[2024-06-17T22:00:20.897+0800][gc,marking    ] GC(2) Concurrent Rebuild Remembered Sets
[2024-06-17T22:00:20.901+0800][gc,marking    ] GC(2) Concurrent Rebuild Remembered Sets 3.840ms
[2024-06-17T22:00:20.902+0800][gc,start      ] GC(2) Pause Cleanup
[2024-06-17T22:00:20.902+0800][gc            ] GC(2) Pause Cleanup 9M->9M(1024M) 0.573ms
[2024-06-17T22:00:20.903+0800][gc,cpu        ] GC(2) User=0.01s Sys=0.00s Real=0.00s
[2024-06-17T22:00:20.903+0800][gc,marking    ] GC(2) Concurrent Cleanup for Next Mark
[2024-06-17T22:00:20.907+0800][gc,marking    ] GC(2) Concurrent Cleanup for Next Mark 3.969ms
[2024-06-17T22:00:20.908+0800][gc            ] GC(2) Concurrent Cycle 29.524ms
[2024-06-17T22:00:22.703+0800][gc,start      ] GC(3) Pause Young (Normal) (G1 Evacuation Pause)
[2024-06-17T22:00:22.703+0800][gc,task       ] GC(3) Using 8 workers of 8 for evacuation
[2024-06-17T22:00:22.713+0800][gc,phases     ] GC(3)   Pre Evacuate Collection Set: 0.0ms
[2024-06-17T22:00:22.713+0800][gc,phases     ] GC(3)   Evacuate Collection Set: 8.6ms
[2024-06-17T22:00:22.714+0800][gc,phases     ] GC(3)   Post Evacuate Collection Set: 0.8ms
[2024-06-17T22:00:22.714+0800][gc,phases     ] GC(3)   Other: 0.4ms
[2024-06-17T22:00:22.714+0800][gc,heap       ] GC(3) Eden regions: 49->0(47)
[2024-06-17T22:00:22.715+0800][gc,heap       ] GC(3) Survivor regions: 2->4(7)
[2024-06-17T22:00:22.715+0800][gc,heap       ] GC(3) Old regions: 10->10
[2024-06-17T22:00:22.715+0800][gc,heap       ] GC(3) Humongous regions: 129->129
[2024-06-17T22:00:22.716+0800][gc,metaspace  ] GC(3) Metaspace: 27973K(29104K)->27973K(29104K) NonClass: 24688K(25264K)->24688K(25264K) Class: 3285K(3840K)->3285K(3840K)
[2024-06-17T22:00:22.716+0800][gc            ] GC(3) Pause Young (Normal) (G1 Evacuation Pause) 187M->140M(1024M) 12.690ms
[2024-06-17T22:00:22.716+0800][gc,cpu        ] GC(3) User=0.06s Sys=0.00s Real=0.01s
[2024-06-17T22:00:23.850+0800][gc,start      ] GC(4) Pause Young (Concurrent Start) (Metadata GC Threshold)
[2024-06-17T22:00:23.850+0800][gc,task       ] GC(4) Using 8 workers of 8 for evacuation
[2024-06-17T22:00:23.866+0800][gc,phases     ] GC(4)   Pre Evacuate Collection Set: 0.2ms
[2024-06-17T22:00:23.866+0800][gc,phases     ] GC(4)   Evacuate Collection Set: 12.8ms
[2024-06-17T22:00:23.866+0800][gc,phases     ] GC(4)   Post Evacuate Collection Set: 1.0ms
[2024-06-17T22:00:23.867+0800][gc,phases     ] GC(4)   Other: 2.5ms
[2024-06-17T22:00:23.867+0800][gc,heap       ] GC(4) Eden regions: 45->0(44)
[2024-06-17T22:00:23.867+0800][gc,heap       ] GC(4) Survivor regions: 4->7(7)
[2024-06-17T22:00:23.867+0800][gc,heap       ] GC(4) Old regions: 10->10
[2024-06-17T22:00:23.867+0800][gc,heap       ] GC(4) Humongous regions: 129->129
[2024-06-17T22:00:23.867+0800][gc,metaspace  ] GC(4) Metaspace: 34452K(35632K)->34452K(35632K) NonClass: 30507K(31152K)->30507K(31152K) Class: 3945K(4480K)->3945K(4480K)
[2024-06-17T22:00:23.867+0800][gc            ] GC(4) Pause Young (Concurrent Start) (Metadata GC Threshold) 184M->144M(1024M) 17.861ms
[2024-06-17T22:00:23.868+0800][gc,cpu        ] GC(4) User=0.07s Sys=0.00s Real=0.02s
[2024-06-17T22:00:23.868+0800][gc            ] GC(5) Concurrent Cycle
[2024-06-17T22:00:23.868+0800][gc,marking    ] GC(5) Concurrent Clear Claimed Marks
[2024-06-17T22:00:23.868+0800][gc,marking    ] GC(5) Concurrent Clear Claimed Marks 0.323ms
[2024-06-17T22:00:23.869+0800][gc,marking    ] GC(5) Concurrent Scan Root Regions
[2024-06-17T22:00:23.873+0800][gc,marking    ] GC(5) Concurrent Scan Root Regions 4.390ms
[2024-06-17T22:00:23.873+0800][gc,marking    ] GC(5) Concurrent Mark (6.275s)
[2024-06-17T22:00:23.874+0800][gc,marking    ] GC(5) Concurrent Mark From Roots
[2024-06-17T22:00:23.874+0800][gc,task       ] GC(5) Using 2 workers of 2 for marking
[2024-06-17T22:00:23.880+0800][gc,marking    ] GC(5) Concurrent Mark From Roots 6.344ms
[2024-06-17T22:00:23.880+0800][gc,marking    ] GC(5) Concurrent Preclean
[2024-06-17T22:00:23.881+0800][gc,marking    ] GC(5) Concurrent Preclean 0.624ms
[2024-06-17T22:00:23.881+0800][gc,marking    ] GC(5) Concurrent Mark (6.275s, 6.283s) 7.765ms
[2024-06-17T22:00:23.881+0800][gc,start      ] GC(5) Pause Remark
[2024-06-17T22:00:23.894+0800][gc,stringtable] GC(5) Cleaned string and symbol table, strings: 9932 processed, 9 removed, symbols: 84208 processed, 19 removed
[2024-06-17T22:00:23.895+0800][gc            ] GC(5) Pause Remark 144M->144M(1024M) 13.800ms
[2024-06-17T22:00:23.896+0800][gc,cpu        ] GC(5) User=0.07s Sys=0.01s Real=0.01s
[2024-06-17T22:00:23.896+0800][gc,marking    ] GC(5) Concurrent Rebuild Remembered Sets
[2024-06-17T22:00:23.903+0800][gc,marking    ] GC(5) Concurrent Rebuild Remembered Sets 6.667ms
[2024-06-17T22:00:23.903+0800][gc,start      ] GC(5) Pause Cleanup
[2024-06-17T22:00:23.904+0800][gc            ] GC(5) Pause Cleanup 145M->145M(1024M) 0.504ms
[2024-06-17T22:00:23.904+0800][gc,cpu        ] GC(5) User=0.00s Sys=0.00s Real=0.00s
[2024-06-17T22:00:23.904+0800][gc,marking    ] GC(5) Concurrent Cleanup for Next Mark
[2024-06-17T22:00:23.994+0800][gc,marking    ] GC(5) Concurrent Cleanup for Next Mark 90.073ms
[2024-06-17T22:00:23.995+0800][gc            ] GC(5) Concurrent Cycle 127.545ms
[2024-06-17T22:02:03.493+0800][gc,start      ] GC(6) Pause Young (Normal) (G1 Evacuation Pause)
[2024-06-17T22:02:03.493+0800][gc,task       ] GC(6) Using 8 workers of 8 for evacuation
[2024-06-17T22:02:03.504+0800][gc,phases     ] GC(6)   Pre Evacuate Collection Set: 0.9ms
[2024-06-17T22:02:03.505+0800][gc,phases     ] GC(6)   Evacuate Collection Set: 8.5ms
[2024-06-17T22:02:03.505+0800][gc,phases     ] GC(6)   Post Evacuate Collection Set: 1.7ms
[2024-06-17T22:02:03.505+0800][gc,phases     ] GC(6)   Other: 0.6ms
[2024-06-17T22:02:03.506+0800][gc,heap       ] GC(6) Eden regions: 44->0(48)
[2024-06-17T22:02:03.506+0800][gc,heap       ] GC(6) Survivor regions: 7->3(7)
[2024-06-17T22:02:03.506+0800][gc,heap       ] GC(6) Old regions: 10->16
[2024-06-17T22:02:03.506+0800][gc,heap       ] GC(6) Humongous regions: 135->129
[2024-06-17T22:02:03.507+0800][gc,metaspace  ] GC(6) Metaspace: 41338K(43568K)->41338K(43568K) NonClass: 36160K(37296K)->36160K(37296K) Class: 5178K(6272K)->5178K(6272K)
[2024-06-17T22:02:03.507+0800][gc            ] GC(6) Pause Young (Normal) (G1 Evacuation Pause) 194M->145M(1024M) 14.172ms
[2024-06-17T22:02:03.507+0800][gc,cpu        ] GC(6) User=0.04s Sys=0.02s Real=0.01s
[2024-06-17T22:31:07.651+0800][gc,start      ] GC(7) Pause Young (Normal) (G1 Evacuation Pause)
[2024-06-17T22:31:07.654+0800][gc,task       ] GC(7) Using 8 workers of 8 for evacuation
[2024-06-17T22:31:07.692+0800][gc,mmu        ] GC(7) MMU target violated: 21.0ms (20.0ms/21.0ms)
[2024-06-17T22:31:07.692+0800][gc,phases     ] GC(7)   Pre Evacuate Collection Set: 1.7ms
[2024-06-17T22:31:07.693+0800][gc,phases     ] GC(7)   Evacuate Collection Set: 28.6ms
[2024-06-17T22:31:07.693+0800][gc,phases     ] GC(7)   Post Evacuate Collection Set: 2.1ms
[2024-06-17T22:31:07.693+0800][gc,phases     ] GC(7)   Other: 11.6ms
[2024-06-17T22:31:07.694+0800][gc,heap       ] GC(7) Eden regions: 48->0(48)
[2024-06-17T22:31:07.694+0800][gc,heap       ] GC(7) Survivor regions: 3->3(7)
[2024-06-17T22:31:07.694+0800][gc,heap       ] GC(7) Old regions: 16->16
[2024-06-17T22:31:07.695+0800][gc,heap       ] GC(7) Humongous regions: 129->129
[2024-06-17T22:31:07.695+0800][gc,metaspace  ] GC(7) Metaspace: 42544K(44976K)->42544K(44976K) NonClass: 37108K(38320K)->37108K(38320K) Class: 5436K(6656K)->5436K(6656K)
[2024-06-17T22:31:07.695+0800][gc            ] GC(7) Pause Young (Normal) (G1 Evacuation Pause) 193M->145M(1024M) 44.525ms
[2024-06-17T22:31:07.696+0800][gc,cpu        ] GC(7) User=0.21s Sys=0.03s Real=0.04s
[2024-06-17T22:57:32.309+0800][gc,start      ] GC(8) Pause Young (Normal) (G1 Evacuation Pause)
[2024-06-17T22:57:32.310+0800][gc,task       ] GC(8) Using 8 workers of 8 for evacuation
[2024-06-17T22:57:32.340+0800][gc,mmu        ] GC(8) MMU target violated: 21.0ms (20.0ms/21.0ms)
[2024-06-17T22:57:32.340+0800][gc,phases     ] GC(8)   Pre Evacuate Collection Set: 2.2ms
[2024-06-17T22:57:32.340+0800][gc,phases     ] GC(8)   Evacuate Collection Set: 24.4ms
[2024-06-17T22:57:32.341+0800][gc,phases     ] GC(8)   Post Evacuate Collection Set: 2.3ms
[2024-06-17T22:57:32.341+0800][gc,phases     ] GC(8)   Other: 1.9ms
[2024-06-17T22:57:32.341+0800][gc,heap       ] GC(8) Eden regions: 48->0(47)
[2024-06-17T22:57:32.341+0800][gc,heap       ] GC(8) Survivor regions: 3->4(7)
[2024-06-17T22:57:32.342+0800][gc,heap       ] GC(8) Old regions: 16->16
[2024-06-17T22:57:32.342+0800][gc,heap       ] GC(8) Humongous regions: 129->129
[2024-06-17T22:57:32.343+0800][gc,metaspace  ] GC(8) Metaspace: 44539K(47408K)->44539K(47408K) NonClass: 38670K(40112K)->38670K(40112K) Class: 5869K(7296K)->5869K(7296K)
[2024-06-17T22:57:32.343+0800][gc            ] GC(8) Pause Young (Normal) (G1 Evacuation Pause) 193M->146M(1024M) 33.312ms
[2024-06-17T22:57:32.343+0800][gc,cpu        ] GC(8) User=0.20s Sys=0.00s Real=0.04s
[2024-06-17T23:09:13.138+0800][gc,start      ] GC(9) Pause Young (Normal) (G1 Evacuation Pause)
[2024-06-17T23:09:13.140+0800][gc,task       ] GC(9) Using 8 workers of 8 for evacuation
[2024-06-17T23:09:13.188+0800][gc,mmu        ] GC(9) MMU target violated: 21.0ms (20.0ms/21.0ms)
[2024-06-17T23:09:13.189+0800][gc,phases     ] GC(9)   Pre Evacuate Collection Set: 27.1ms
[2024-06-17T23:09:13.189+0800][gc,phases     ] GC(9)   Evacuate Collection Set: 16.4ms
[2024-06-17T23:09:13.189+0800][gc,phases     ] GC(9)   Post Evacuate Collection Set: 2.1ms
[2024-06-17T23:09:13.189+0800][gc,phases     ] GC(9)   Other: 5.7ms
[2024-06-17T23:09:13.190+0800][gc,heap       ] GC(9) Eden regions: 47->0(45)
[2024-06-17T23:09:13.190+0800][gc,heap       ] GC(9) Survivor regions: 4->6(7)
[2024-06-17T23:09:13.190+0800][gc,heap       ] GC(9) Old regions: 16->16
[2024-06-17T23:09:13.191+0800][gc,heap       ] GC(9) Humongous regions: 129->129
[2024-06-17T23:09:13.191+0800][gc,metaspace  ] GC(9) Metaspace: 45716K(48816K)->45716K(48816K) NonClass: 39790K(41392K)->39790K(41392K) Class: 5926K(7424K)->5926K(7424K)
[2024-06-17T23:09:13.191+0800][gc            ] GC(9) Pause Young (Normal) (G1 Evacuation Pause) 193M->148M(1024M) 53.064ms
[2024-06-17T23:09:13.191+0800][gc,cpu        ] GC(9) User=0.16s Sys=0.00s Real=0.06s
[2024-06-17T23:15:05.936+0800][gc,heap,exit  ] Heap
[2024-06-17T23:15:05.937+0800][gc,heap,exit  ]  garbage-first heap   total 1048576K, used 170730K [0x00000000c0000000, 0x0000000100000000)
[2024-06-17T23:15:05.937+0800][gc,heap,exit  ]   region size 1024K, 26 young (26624K), 6 survivors (6144K)
[2024-06-17T23:15:05.938+0800][gc,heap,exit  ]  Metaspace       used 46764K, capacity 49855K, committed 50224K, reserved 1091584K
[2024-06-17T23:15:05.938+0800][gc,heap,exit  ]   class space    used 6177K, capacity 7694K, committed 7808K, reserved 1048576K
