[2024-06-17T20:02:33.417+0800][gc,heap] Heap region size: 1M
[2024-06-17T20:02:33.425+0800][gc     ] Using G1
[2024-06-17T20:02:33.426+0800][gc,heap,coops] Heap address: 0x00000000c0000000, size: 1024 MB, Compressed Oops mode: 32-bit
[2024-06-17T20:02:33.426+0800][gc,cds       ] Mark closed archive regions in map: [0x00000000fff00000, 0x00000000fff6bff8]
[2024-06-17T20:02:33.426+0800][gc,cds       ] Mark open archive regions in map: [0x00000000ffe00000, 0x00000000ffe47ff8]
[2024-06-17T20:02:35.345+0800][gc,start     ] GC(0) Pause Young (Normal) (G1 Evacuation Pause)
[2024-06-17T20:02:35.347+0800][gc,task      ] GC(0) Using 8 workers of 8 for evacuation
[2024-06-17T20:02:35.374+0800][gc,mmu       ] GC(0) MMU target violated: 21.0ms (20.0ms/21.0ms)
[2024-06-17T20:02:35.375+0800][gc,phases    ] GC(0)   Pre Evacuate Collection Set: 0.0ms
[2024-06-17T20:02:35.375+0800][gc,phases    ] GC(0)   Evacuate Collection Set: 25.9ms
[2024-06-17T20:02:35.376+0800][gc,phases    ] GC(0)   Post Evacuate Collection Set: 1.1ms
[2024-06-17T20:02:35.376+0800][gc,phases    ] GC(0)   Other: 2.9ms
[2024-06-17T20:02:35.377+0800][gc,heap      ] GC(0) Eden regions: 51->0(44)
[2024-06-17T20:02:35.377+0800][gc,heap      ] GC(0) Survivor regions: 0->7(7)
[2024-06-17T20:02:35.377+0800][gc,heap      ] GC(0) Old regions: 2->3
[2024-06-17T20:02:35.378+0800][gc,heap      ] GC(0) Humongous regions: 0->0
[2024-06-17T20:02:35.378+0800][gc,metaspace ] GC(0) Metaspace: 13786K(14464K)->13786K(14464K) NonClass: 12110K(12544K)->12110K(12544K) Class: 1676K(1920K)->1676K(1920K)
[2024-06-17T20:02:35.378+0800][gc           ] GC(0) Pause Young (Normal) (G1 Evacuation Pause) 51M->8M(1024M) 33.383ms
[2024-06-17T20:02:35.379+0800][gc,cpu       ] GC(0) User=0.16s Sys=0.04s Real=0.03s
[2024-06-17T20:02:36.530+0800][gc,start     ] GC(1) Pause Young (Concurrent Start) (Metadata GC Threshold)
[2024-06-17T20:02:36.530+0800][gc,task      ] GC(1) Using 8 workers of 8 for evacuation
[2024-06-17T20:02:36.545+0800][gc,phases    ] GC(1)   Pre Evacuate Collection Set: 0.1ms
[2024-06-17T20:02:36.546+0800][gc,phases    ] GC(1)   Evacuate Collection Set: 13.9ms
[2024-06-17T20:02:36.546+0800][gc,phases    ] GC(1)   Post Evacuate Collection Set: 0.8ms
[2024-06-17T20:02:36.546+0800][gc,phases    ] GC(1)   Other: 0.8ms
[2024-06-17T20:02:36.546+0800][gc,heap      ] GC(1) Eden regions: 32->0(49)
[2024-06-17T20:02:36.547+0800][gc,heap      ] GC(1) Survivor regions: 7->2(7)
[2024-06-17T20:02:36.547+0800][gc,heap      ] GC(1) Old regions: 3->10
[2024-06-17T20:02:36.547+0800][gc,heap      ] GC(1) Humongous regions: 0->0
[2024-06-17T20:02:36.547+0800][gc,metaspace ] GC(1) Metaspace: 20450K(21296K)->20450K(21296K) NonClass: 17999K(18608K)->17999K(18608K) Class: 2450K(2688K)->2450K(2688K)
[2024-06-17T20:02:36.548+0800][gc           ] GC(1) Pause Young (Concurrent Start) (Metadata GC Threshold) 40M->9M(1024M) 18.025ms
[2024-06-17T20:02:36.548+0800][gc,cpu       ] GC(1) User=0.10s Sys=0.00s Real=0.02s
[2024-06-17T20:02:36.548+0800][gc           ] GC(2) Concurrent Cycle
[2024-06-17T20:02:36.548+0800][gc,marking   ] GC(2) Concurrent Clear Claimed Marks
[2024-06-17T20:02:36.549+0800][gc,marking   ] GC(2) Concurrent Clear Claimed Marks 0.268ms
[2024-06-17T20:02:36.549+0800][gc,marking   ] GC(2) Concurrent Scan Root Regions
[2024-06-17T20:02:36.551+0800][gc,marking   ] GC(2) Concurrent Scan Root Regions 1.950ms
[2024-06-17T20:02:36.551+0800][gc,marking   ] GC(2) Concurrent Mark (3.140s)
[2024-06-17T20:02:36.551+0800][gc,marking   ] GC(2) Concurrent Mark From Roots
[2024-06-17T20:02:36.552+0800][gc,task      ] GC(2) Using 2 workers of 2 for marking
[2024-06-17T20:02:36.557+0800][gc,marking   ] GC(2) Concurrent Mark From Roots 5.844ms
[2024-06-17T20:02:36.558+0800][gc,marking   ] GC(2) Concurrent Preclean
[2024-06-17T20:02:36.558+0800][gc,marking   ] GC(2) Concurrent Preclean 0.614ms
[2024-06-17T20:02:36.559+0800][gc,marking   ] GC(2) Concurrent Mark (3.140s, 3.147s) 7.251ms
[2024-06-17T20:02:36.560+0800][gc,start     ] GC(2) Pause Remark
[2024-06-17T20:02:36.566+0800][gc,stringtable] GC(2) Cleaned string and symbol table, strings: 5674 processed, 0 removed, symbols: 53780 processed, 42 removed
[2024-06-17T20:02:36.568+0800][gc            ] GC(2) Pause Remark 9M->9M(1024M) 8.229ms
[2024-06-17T20:02:36.568+0800][gc,cpu        ] GC(2) User=0.03s Sys=0.00s Real=0.01s
[2024-06-17T20:02:36.569+0800][gc,marking    ] GC(2) Concurrent Rebuild Remembered Sets
[2024-06-17T20:02:36.573+0800][gc,marking    ] GC(2) Concurrent Rebuild Remembered Sets 4.449ms
[2024-06-17T20:02:36.574+0800][gc,start      ] GC(2) Pause Cleanup
[2024-06-17T20:02:36.574+0800][gc            ] GC(2) Pause Cleanup 9M->9M(1024M) 0.734ms
[2024-06-17T20:02:36.575+0800][gc,cpu        ] GC(2) User=0.00s Sys=0.00s Real=0.00s
[2024-06-17T20:02:36.575+0800][gc,marking    ] GC(2) Concurrent Cleanup for Next Mark
[2024-06-17T20:02:36.581+0800][gc,marking    ] GC(2) Concurrent Cleanup for Next Mark 5.482ms
[2024-06-17T20:02:36.581+0800][gc            ] GC(2) Concurrent Cycle 32.756ms
[2024-06-17T20:02:37.943+0800][gc,start      ] GC(3) Pause Young (Normal) (G1 Evacuation Pause)
[2024-06-17T20:02:37.943+0800][gc,task       ] GC(3) Using 8 workers of 8 for evacuation
[2024-06-17T20:02:37.948+0800][gc,phases     ] GC(3)   Pre Evacuate Collection Set: 0.0ms
[2024-06-17T20:02:37.948+0800][gc,phases     ] GC(3)   Evacuate Collection Set: 2.9ms
[2024-06-17T20:02:37.948+0800][gc,phases     ] GC(3)   Post Evacuate Collection Set: 0.8ms
[2024-06-17T20:02:37.949+0800][gc,phases     ] GC(3)   Other: 1.0ms
[2024-06-17T20:02:37.949+0800][gc,heap       ] GC(3) Eden regions: 49->0(47)
[2024-06-17T20:02:37.949+0800][gc,heap       ] GC(3) Survivor regions: 2->4(7)
[2024-06-17T20:02:37.950+0800][gc,heap       ] GC(3) Old regions: 10->10
[2024-06-17T20:02:37.950+0800][gc,heap       ] GC(3) Humongous regions: 129->129
[2024-06-17T20:02:37.950+0800][gc,metaspace  ] GC(3) Metaspace: 28858K(29872K)->28858K(29872K) NonClass: 25497K(26032K)->25497K(26032K) Class: 3360K(3840K)->3360K(3840K)
[2024-06-17T20:02:37.951+0800][gc            ] GC(3) Pause Young (Normal) (G1 Evacuation Pause) 187M->140M(1024M) 7.833ms
[2024-06-17T20:02:37.951+0800][gc,cpu        ] GC(3) User=0.02s Sys=0.00s Real=0.00s
[2024-06-17T20:02:38.711+0800][gc,start      ] GC(4) Pause Young (Concurrent Start) (Metadata GC Threshold)
[2024-06-17T20:02:38.711+0800][gc,task       ] GC(4) Using 8 workers of 8 for evacuation
[2024-06-17T20:02:38.722+0800][gc,phases     ] GC(4)   Pre Evacuate Collection Set: 0.1ms
[2024-06-17T20:02:38.722+0800][gc,phases     ] GC(4)   Evacuate Collection Set: 8.7ms
[2024-06-17T20:02:38.722+0800][gc,phases     ] GC(4)   Post Evacuate Collection Set: 1.1ms
[2024-06-17T20:02:38.723+0800][gc,phases     ] GC(4)   Other: 0.6ms
[2024-06-17T20:02:38.723+0800][gc,heap       ] GC(4) Eden regions: 35->0(45)
[2024-06-17T20:02:38.723+0800][gc,heap       ] GC(4) Survivor regions: 4->6(7)
[2024-06-17T20:02:38.724+0800][gc,heap       ] GC(4) Old regions: 10->11
[2024-06-17T20:02:38.724+0800][gc,heap       ] GC(4) Humongous regions: 129->129
[2024-06-17T20:02:38.724+0800][gc,metaspace  ] GC(4) Metaspace: 34451K(35632K)->34451K(35632K) NonClass: 30527K(31152K)->30527K(31152K) Class: 3924K(4480K)->3924K(4480K)
[2024-06-17T20:02:38.724+0800][gc            ] GC(4) Pause Young (Concurrent Start) (Metadata GC Threshold) 175M->143M(1024M) 13.311ms
[2024-06-17T20:02:38.725+0800][gc,cpu        ] GC(4) User=0.08s Sys=0.00s Real=0.02s
[2024-06-17T20:02:38.725+0800][gc            ] GC(5) Concurrent Cycle
[2024-06-17T20:02:38.725+0800][gc,marking    ] GC(5) Concurrent Clear Claimed Marks
[2024-06-17T20:02:38.727+0800][gc,marking    ] GC(5) Concurrent Clear Claimed Marks 1.479ms
[2024-06-17T20:02:38.727+0800][gc,marking    ] GC(5) Concurrent Scan Root Regions
[2024-06-17T20:02:38.730+0800][gc,marking    ] GC(5) Concurrent Scan Root Regions 2.696ms
[2024-06-17T20:02:38.730+0800][gc,marking    ] GC(5) Concurrent Mark (5.319s)
[2024-06-17T20:02:38.730+0800][gc,marking    ] GC(5) Concurrent Mark From Roots
[2024-06-17T20:02:38.730+0800][gc,task       ] GC(5) Using 2 workers of 2 for marking
[2024-06-17T20:02:38.737+0800][gc,marking    ] GC(5) Concurrent Mark From Roots 7.208ms
[2024-06-17T20:02:38.738+0800][gc,marking    ] GC(5) Concurrent Preclean
[2024-06-17T20:02:38.739+0800][gc,marking    ] GC(5) Concurrent Preclean 0.680ms
[2024-06-17T20:02:38.739+0800][gc,marking    ] GC(5) Concurrent Mark (5.319s, 5.328s) 8.689ms
[2024-06-17T20:02:38.739+0800][gc,start      ] GC(5) Pause Remark
[2024-06-17T20:02:38.744+0800][gc,stringtable] GC(5) Cleaned string and symbol table, strings: 11542 processed, 10 removed, symbols: 88291 processed, 15 removed
[2024-06-17T20:02:38.745+0800][gc            ] GC(5) Pause Remark 144M->144M(1024M) 5.677ms
[2024-06-17T20:02:38.745+0800][gc,cpu        ] GC(5) User=0.03s Sys=0.00s Real=0.01s
[2024-06-17T20:02:38.746+0800][gc,marking    ] GC(5) Concurrent Rebuild Remembered Sets
[2024-06-17T20:02:38.749+0800][gc,marking    ] GC(5) Concurrent Rebuild Remembered Sets 3.607ms
[2024-06-17T20:02:38.750+0800][gc,start      ] GC(5) Pause Cleanup
[2024-06-17T20:02:38.750+0800][gc            ] GC(5) Pause Cleanup 145M->145M(1024M) 0.424ms
[2024-06-17T20:02:38.750+0800][gc,cpu        ] GC(5) User=0.00s Sys=0.00s Real=0.00s
[2024-06-17T20:02:38.751+0800][gc,marking    ] GC(5) Concurrent Cleanup for Next Mark
[2024-06-17T20:02:38.761+0800][gc,marking    ] GC(5) Concurrent Cleanup for Next Mark 10.557ms
[2024-06-17T20:02:38.761+0800][gc            ] GC(5) Concurrent Cycle 36.487ms
[2024-06-17T20:07:34.699+0800][gc,start      ] GC(6) Pause Young (Normal) (G1 Evacuation Pause)
[2024-06-17T20:07:34.699+0800][gc,task       ] GC(6) Using 8 workers of 8 for evacuation
[2024-06-17T20:07:34.708+0800][gc,phases     ] GC(6)   Pre Evacuate Collection Set: 1.0ms
[2024-06-17T20:07:34.708+0800][gc,phases     ] GC(6)   Evacuate Collection Set: 6.3ms
[2024-06-17T20:07:34.708+0800][gc,phases     ] GC(6)   Post Evacuate Collection Set: 1.0ms
[2024-06-17T20:07:34.709+0800][gc,phases     ] GC(6)   Other: 0.6ms
[2024-06-17T20:07:34.709+0800][gc,heap       ] GC(6) Eden regions: 45->0(45)
[2024-06-17T20:07:34.709+0800][gc,heap       ] GC(6) Survivor regions: 6->6(7)
[2024-06-17T20:07:34.710+0800][gc,heap       ] GC(6) Old regions: 11->13
[2024-06-17T20:07:34.710+0800][gc,heap       ] GC(6) Humongous regions: 129->129
[2024-06-17T20:07:34.710+0800][gc,metaspace  ] GC(6) Metaspace: 41908K(44464K)->41908K(44464K) NonClass: 36495K(37808K)->36495K(37808K) Class: 5413K(6656K)->5413K(6656K)
[2024-06-17T20:07:34.711+0800][gc            ] GC(6) Pause Young (Normal) (G1 Evacuation Pause) 188M->145M(1024M) 12.025ms
[2024-06-17T20:07:34.711+0800][gc,cpu        ] GC(6) User=0.00s Sys=0.05s Real=0.01s
[2024-06-17T20:09:30.733+0800][gc,heap,exit  ] Heap
[2024-06-17T20:09:30.733+0800][gc,heap,exit  ]  garbage-first heap   total 1048576K, used 187297K [0x00000000c0000000, 0x0000000100000000)
[2024-06-17T20:09:30.733+0800][gc,heap,exit  ]   region size 1024K, 45 young (46080K), 6 survivors (6144K)
[2024-06-17T20:09:30.733+0800][gc,heap,exit  ]  Metaspace       used 45297K, capacity 48256K, committed 48560K, reserved 1089536K
[2024-06-17T20:09:30.734+0800][gc,heap,exit  ]   class space    used 6075K, capacity 7558K, committed 7680K, reserved 1048576K
