[2024-06-17T19:57:23.583+0800][gc,heap] Heap region size: 1M
[2024-06-17T19:57:23.597+0800][gc     ] Using G1
[2024-06-17T19:57:23.598+0800][gc,heap,coops] Heap address: 0x00000000e0000000, size: 512 MB, Compressed Oops mode: 32-bit
[2024-06-17T19:57:23.599+0800][gc,cds       ] Mark closed archive regions in map: [0x00000000fff00000, 0x00000000fff6bff8]
[2024-06-17T19:57:23.599+0800][gc,cds       ] Mark open archive regions in map: [0x00000000ffe00000, 0x00000000ffe47ff8]
[2024-06-17T19:57:25.678+0800][gc,start     ] GC(0) Pause Young (Normal) (G1 Evacuation Pause)
[2024-06-17T19:57:25.682+0800][gc,task      ] GC(0) Using 8 workers of 8 for evacuation
[2024-06-17T19:57:25.709+0800][gc,mmu       ] GC(0) MMU target violated: 21.0ms (20.0ms/21.0ms)
[2024-06-17T19:57:25.709+0800][gc,phases    ] GC(0)   Pre Evacuate Collection Set: 0.2ms
[2024-06-17T19:57:25.709+0800][gc,phases    ] GC(0)   Evacuate Collection Set: 23.7ms
[2024-06-17T19:57:25.710+0800][gc,phases    ] GC(0)   Post Evacuate Collection Set: 1.1ms
[2024-06-17T19:57:25.710+0800][gc,phases    ] GC(0)   Other: 6.5ms
[2024-06-17T19:57:25.710+0800][gc,heap      ] GC(0) Eden regions: 25->0(21)
[2024-06-17T19:57:25.711+0800][gc,heap      ] GC(0) Survivor regions: 0->4(4)
[2024-06-17T19:57:25.711+0800][gc,heap      ] GC(0) Old regions: 2->6
[2024-06-17T19:57:25.711+0800][gc,heap      ] GC(0) Humongous regions: 0->0
[2024-06-17T19:57:25.711+0800][gc,metaspace ] GC(0) Metaspace: 6895K(7424K)->6895K(7424K) NonClass: 6122K(6400K)->6122K(6400K) Class: 772K(1024K)->772K(1024K)
[2024-06-17T19:57:25.712+0800][gc           ] GC(0) Pause Young (Normal) (G1 Evacuation Pause) 25M->8M(512M) 33.847ms
[2024-06-17T19:57:25.712+0800][gc,cpu       ] GC(0) User=0.17s Sys=0.03s Real=0.03s
[2024-06-17T20:09:30.125+0800][gc,heap,exit ] Heap
[2024-06-17T20:09:30.125+0800][gc,heap,exit ]  garbage-first heap   total 524288K, used 25917K [0x00000000e0000000, 0x0000000100000000)
[2024-06-17T20:09:30.125+0800][gc,heap,exit ]   region size 1024K, 22 young (22528K), 4 survivors (4096K)
[2024-06-17T20:09:30.126+0800][gc,heap,exit ]  Metaspace       used 9373K, capacity 9725K, committed 9984K, reserved 1058816K
[2024-06-17T20:09:30.126+0800][gc,heap,exit ]   class space    used 1006K, capacity 1165K, committed 1280K, reserved 1048576K
