[2024-06-17T21:40:22.836+0800][gc,heap] Heap region size: 1M
[2024-06-17T21:40:22.885+0800][gc     ] Using G1
[2024-06-17T21:40:22.885+0800][gc,heap,coops] Heap address: 0x00000000e0000000, size: 512 MB, Compressed Oops mode: 32-bit
[2024-06-17T21:40:22.888+0800][gc,cds       ] Mark closed archive regions in map: [0x00000000fff00000, 0x00000000fff6bff8]
[2024-06-17T21:40:22.889+0800][gc,cds       ] Mark open archive regions in map: [0x00000000ffe00000, 0x00000000ffe47ff8]
[2024-06-17T21:40:25.022+0800][gc,start     ] GC(0) Pause Young (Normal) (G1 Evacuation Pause)
[2024-06-17T21:40:25.024+0800][gc,task      ] GC(0) Using 8 workers of 8 for evacuation
[2024-06-17T21:40:25.054+0800][gc,mmu       ] GC(0) MMU target violated: 21.0ms (20.0ms/21.0ms)
[2024-06-17T21:40:25.055+0800][gc,phases    ] GC(0)   Pre Evacuate Collection Set: 0.0ms
[2024-06-17T21:40:25.055+0800][gc,phases    ] GC(0)   Evacuate Collection Set: 27.5ms
[2024-06-17T21:40:25.055+0800][gc,phases    ] GC(0)   Post Evacuate Collection Set: 1.3ms
[2024-06-17T21:40:25.056+0800][gc,phases    ] GC(0)   Other: 4.5ms
[2024-06-17T21:40:25.056+0800][gc,heap      ] GC(0) Eden regions: 25->0(21)
[2024-06-17T21:40:25.056+0800][gc,heap      ] GC(0) Survivor regions: 0->4(4)
[2024-06-17T21:40:25.057+0800][gc,heap      ] GC(0) Old regions: 2->6
[2024-06-17T21:40:25.057+0800][gc,heap      ] GC(0) Humongous regions: 0->0
[2024-06-17T21:40:25.058+0800][gc,metaspace ] GC(0) Metaspace: 6901K(7424K)->6901K(7424K) NonClass: 6128K(6400K)->6128K(6400K) Class: 772K(1024K)->772K(1024K)
[2024-06-17T21:40:25.059+0800][gc           ] GC(0) Pause Young (Normal) (G1 Evacuation Pause) 25M->8M(512M) 37.041ms
[2024-06-17T21:40:25.059+0800][gc,cpu       ] GC(0) User=0.16s Sys=0.06s Real=0.03s
[2024-06-17T23:15:03.653+0800][gc,heap,exit ] Heap
[2024-06-17T23:15:03.654+0800][gc,heap,exit ]  garbage-first heap   total 524288K, used 27102K [0x00000000e0000000, 0x0000000100000000)
[2024-06-17T23:15:03.654+0800][gc,heap,exit ]   region size 1024K, 23 young (23552K), 4 survivors (4096K)
[2024-06-17T23:15:03.654+0800][gc,heap,exit ]  Metaspace       used 9559K, capacity 9917K, committed 10240K, reserved 1058816K
[2024-06-17T23:15:03.655+0800][gc,heap,exit ]   class space    used 1007K, capacity 1165K, committed 1280K, reserved 1048576K
